   Compiling glade-carrier-spec v0.0.0 (/Volumes/projects/limbo/glade-wz-raft-production/proofs/raft-carrier-comparison/spec)
    Finished `test` profile [unoptimized + debuginfo] target(s) in 0.99s
     Running unittests src/lib.rs (proofs/raft-carrier-comparison/target/debug/deps/glade_carrier_spec-a05a7aa1953a4803)

running 13 tests
test fixture::transport::termination::consumed_stopped_peer_timeout ... FAILED
test fixture::transport::termination::consumed_stopped_peer_cancel ... FAILED
test fixture::transport::termination::held_stopped_peer_cancel ... FAILED
test fixture::transport::termination::consumed_replaced_peer_timeout ... FAILED
test fixture::transport::termination::held_replaced_peer_cancel ... FAILED
test fixture::transport::termination::held_replaced_peer_timeout ... FAILED
test b0::sources::once_only_openraft_entropy_footprint_accepts_post_constructor_poison ... ok
test b0::sources::extra_runtime_entropy_sampling_mutant_is_rejected ... ok
test fixture::transport::termination::held_stopped_peer_timeout ... FAILED
test fixture::transport::termination::replaced_caller_cannot_terminate_old_pending_ownership_or_wake_its_future ... ok
test b0::sources::persistent_work_does_not_require_artificial_runtime_registration ... ok
test fixture::work::overflow_rejection_releases_borrow_before_owned_future_drop ... ok
test fixture::transport::termination::consumed_replaced_peer_cancel ... FAILED

failures:

---- fixture::transport::termination::consumed_stopped_peer_timeout stdout ----

thread 'fixture::transport::termination::consumed_stopped_peer_timeout' (167624254) panicked at spec/src/fixture/transport/termination.rs:120:1:
assertion `left == right` failed: a live caller must terminate its own RPC without a live peer
  left: Err(InvalidToken)
 right: Ok([RpcResolved { rpc: RpcId { scope: NodeScope { carrier: OpenRaft, session: 110, node: NodeKey { group: 7, node: 1 }, incarnation: 1, domain: ClockDomain(11011) }, sequence: 1 } }])

---- fixture::transport::termination::consumed_stopped_peer_cancel stdout ----

thread 'fixture::transport::termination::consumed_stopped_peer_cancel' (167624253) panicked at spec/src/fixture/transport/termination.rs:121:1:
assertion `left == right` failed: a live caller must terminate its own RPC without a live peer
  left: Err(InvalidToken)
 right: Ok([RpcResolved { rpc: RpcId { scope: NodeScope { carrier: OpenRaft, session: 110, node: NodeKey { group: 7, node: 1 }, incarnation: 1, domain: ClockDomain(11011) }, sequence: 1 } }])
note: run with `RUST_BACKTRACE=1` environment variable to display a backtrace

---- fixture::transport::termination::held_stopped_peer_cancel stdout ----

thread 'fixture::transport::termination::held_stopped_peer_cancel' (167624257) panicked at spec/src/fixture/transport/termination.rs:117:1:
assertion `left == right` failed: a live caller must terminate its own RPC without a live peer
  left: Err(InvalidToken)
 right: Ok([RpcResolved { rpc: RpcId { scope: NodeScope { carrier: OpenRaft, session: 110, node: NodeKey { group: 7, node: 1 }, incarnation: 1, domain: ClockDomain(11011) }, sequence: 1 } }])

---- fixture::transport::termination::consumed_replaced_peer_timeout stdout ----

thread 'fixture::transport::termination::consumed_replaced_peer_timeout' (167624252) panicked at spec/src/fixture/transport/termination.rs:122:1:
assertion `left == right` failed: a live caller must terminate its own RPC without a live peer
  left: Err(InvalidToken)
 right: Ok([RpcResolved { rpc: RpcId { scope: NodeScope { carrier: OpenRaft, session: 110, node: NodeKey { group: 7, node: 1 }, incarnation: 1, domain: ClockDomain(11011) }, sequence: 1 } }])

---- fixture::transport::termination::held_replaced_peer_cancel stdout ----

thread 'fixture::transport::termination::held_replaced_peer_cancel' (167624255) panicked at spec/src/fixture/transport/termination.rs:119:1:
assertion `left == right` failed: a live caller must terminate its own RPC without a live peer
  left: Err(InvalidToken)
 right: Ok([RpcResolved { rpc: RpcId { scope: NodeScope { carrier: OpenRaft, session: 110, node: NodeKey { group: 7, node: 1 }, incarnation: 1, domain: ClockDomain(11011) }, sequence: 1 } }])

---- fixture::transport::termination::held_replaced_peer_timeout stdout ----

thread 'fixture::transport::termination::held_replaced_peer_timeout' (167624256) panicked at spec/src/fixture/transport/termination.rs:118:1:
assertion `left == right` failed: a live caller must terminate its own RPC without a live peer
  left: Err(InvalidToken)
 right: Ok([RpcResolved { rpc: RpcId { scope: NodeScope { carrier: OpenRaft, session: 110, node: NodeKey { group: 7, node: 1 }, incarnation: 1, domain: ClockDomain(11011) }, sequence: 1 } }])

---- fixture::transport::termination::held_stopped_peer_timeout stdout ----

thread 'fixture::transport::termination::held_stopped_peer_timeout' (167624258) panicked at spec/src/fixture/transport/termination.rs:116:1:
assertion `left == right` failed: a live caller must terminate its own RPC without a live peer
  left: Err(InvalidToken)
 right: Ok([RpcResolved { rpc: RpcId { scope: NodeScope { carrier: OpenRaft, session: 110, node: NodeKey { group: 7, node: 1 }, incarnation: 1, domain: ClockDomain(11011) }, sequence: 1 } }])

---- fixture::transport::termination::consumed_replaced_peer_cancel stdout ----

thread 'fixture::transport::termination::consumed_replaced_peer_cancel' (167624251) panicked at spec/src/fixture/transport/termination.rs:123:1:
assertion `left == right` failed: a live caller must terminate its own RPC without a live peer
  left: Err(InvalidToken)
 right: Ok([RpcResolved { rpc: RpcId { scope: NodeScope { carrier: OpenRaft, session: 110, node: NodeKey { group: 7, node: 1 }, incarnation: 1, domain: ClockDomain(11011) }, sequence: 1 } }])


failures:
    fixture::transport::termination::consumed_replaced_peer_cancel
    fixture::transport::termination::consumed_replaced_peer_timeout
    fixture::transport::termination::consumed_stopped_peer_cancel
    fixture::transport::termination::consumed_stopped_peer_timeout
    fixture::transport::termination::held_replaced_peer_cancel
    fixture::transport::termination::held_replaced_peer_timeout
    fixture::transport::termination::held_stopped_peer_cancel
    fixture::transport::termination::held_stopped_peer_timeout

test result: FAILED. 5 passed; 8 failed; 0 ignored; 0 measured; 0 filtered out; finished in 0.01s

error: test failed, to rerun pass `-p glade-carrier-spec --lib`
     Running tests/endpoint_lifecycle.rs (proofs/raft-carrier-comparison/target/debug/deps/endpoint_lifecycle-0d2c307abed7ceea)

running 7 tests
test separately_obtained_and_fresh_handles_share_scope_stop ... ok
test stopped_peer_refuses_delivery_but_live_caller_keeps_local_termination ... FAILED
test replaced_destination_rejects_held_token_controls_before_mutation ... ok
test live_caller_timeout_and_cancel_remove_ownership_after_peer_replacement ... FAILED
test replaced_issuer_handle_cannot_emit_request_or_mutate_old_tokens ... ok
test take_refuses_replaced_issuer_and_destination_without_consuming ... ok
test both_replacements_participate_and_old_rpc_controls_refuse_unchanged ... ok

failures:

---- stopped_peer_refuses_delivery_but_live_caller_keeps_local_termination stdout ----

thread 'stopped_peer_refuses_delivery_but_live_caller_keeps_local_termination' (167624344) panicked at spec/tests/endpoint_lifecycle.rs:174:13:
assertion `left == right` failed
  left: Err(InvalidToken)
 right: Ok([RpcResolved { rpc: RpcId { scope: NodeScope { carrier: OpenRaft, session: 90, node: NodeKey { group: 7, node: 1 }, incarnation: 1, domain: ClockDomain(9011) }, sequence: 1 } }])
note: run with `RUST_BACKTRACE=1` environment variable to display a backtrace

---- live_caller_timeout_and_cancel_remove_ownership_after_peer_replacement stdout ----

thread 'live_caller_timeout_and_cancel_remove_ownership_after_peer_replacement' (167624340) panicked at spec/tests/endpoint_lifecycle.rs:118:9:
assertion `left == right` failed
  left: Err(InvalidToken)
 right: Ok([RpcResolved { rpc: RpcId { scope: NodeScope { carrier: OpenRaft, session: 86, node: NodeKey { group: 7, node: 1 }, incarnation: 1, domain: ClockDomain(8611) }, sequence: 1 } }])


failures:
    live_caller_timeout_and_cancel_remove_ownership_after_peer_replacement
    stopped_peer_refuses_delivery_but_live_caller_keeps_local_termination

test result: FAILED. 5 passed; 2 failed; 0 ignored; 0 measured; 0 filtered out; finished in 0.01s

error: test failed, to rerun pass `-p glade-carrier-spec --test endpoint_lifecycle`
error: 2 targets failed:
    `-p glade-carrier-spec --lib`
    `-p glade-carrier-spec --test endpoint_lifecycle`
