   Compiling glade-carrier-spec v0.0.0 (/Volumes/projects/limbo/glade-wz-raft-production/proofs/raft-carrier-comparison/spec)
    Finished `test` profile [unoptimized + debuginfo] target(s) in 0.38s
     Running unittests src/lib.rs (proofs/raft-carrier-comparison/target/debug/deps/glade_carrier_spec-a05a7aa1953a4803)

running 25 tests
test b0::sources::extra_runtime_entropy_sampling_mutant_is_rejected ... ok
test b0::point::witness::inline_send_poll_mutant_is_rejected ... ok
test fixture::domains::domain_encoding_neighbors_limits_carriers_sessions_and_replay_are_distinct ... ok
test fixture::domains::invalid_encoding_coordinates_refuse_before_source_or_work_allocation ... ok
test b0::point::witness::early_eligibility_mutant_is_rejected ... ok
test fixture::domains::colliding_counterexample_instants_are_foreign_to_both_owned_sources ... ok
test fixture::domains::colliding_counterexample_deadlines_refuse_without_registration ... ok
test b0::point::witness::selected_host_ticks_require_actual_progress_between_logical_points ... ok
test b0::sources::once_only_openraft_entropy_footprint_accepts_post_constructor_poison ... ok
test b0::point::witness::current_inventory_reaches_ticker_core_and_new_send_future ... ok
test fixture::domains::colliding_counterexample_instants_cannot_enable_either_owned_scheduler ... ok
test fixture::transport::termination::consumed_stopped_peer_cancel ... ok
test b0::sources::persistent_work_does_not_require_artificial_runtime_registration ... ok
test fixture::transport::termination::consumed_stopped_peer_timeout ... ok
test b0::point::witness::perpetually_rewoken_work_hits_the_explicit_point_action_bound ... ok
test fixture::transport::termination::consumed_replaced_peer_cancel ... ok
test fixture::transport::termination::consumed_replaced_peer_timeout ... ok
test fixture::transport::termination::held_replaced_peer_timeout ... ok
test fixture::transport::termination::held_stopped_peer_timeout ... ok
test fixture::work::overflow_rejection_releases_borrow_before_owned_future_drop ... ok
test fixture::transport::termination::live_peer_late_reply_cannot_reopen_locally_terminated_rpc ... ok
test fixture::transport::termination::held_stopped_peer_cancel ... ok
test fixture::transport::termination::held_replaced_peer_cancel ... ok
test fixture::domains::node_one_incarnation_eleven_and_node_two_incarnation_one_are_distinct ... ok
test fixture::transport::termination::replaced_caller_cannot_terminate_old_pending_ownership_or_wake_its_future ... ok

test result: ok. 25 passed; 0 failed; 0 ignored; 0 measured; 0 filtered out; finished in 0.02s

