
running 20 tests
test openraft::b0_03 ... FAILED
test raft_rs::b0_03 ... FAILED
test raft_rs::b0_02 ... FAILED
test openraft::b0_06 ... FAILED
test openraft::b0_08 ... FAILED
test openraft::b0_01 ... FAILED
test openraft::b0_09 ... FAILED
test openraft::b0_02 ... FAILED
test openraft::b0_10 ... FAILED
test openraft::b0_04 ... FAILED
test raft_rs::b0_01 ... FAILED
test openraft::b0_05 ... FAILED
test openraft::b0_07 ... FAILED
test raft_rs::b0_05 ... FAILED
test raft_rs::b0_04 ... FAILED
test raft_rs::b0_08 ... FAILED
test raft_rs::b0_09 ... FAILED
test raft_rs::b0_06 ... FAILED
test raft_rs::b0_10 ... FAILED
test raft_rs::b0_07 ... FAILED

failures:

---- openraft::b0_03 stdout ----

thread 'openraft::b0_03' (167703303) panicked at spec/src/b0/sources.rs:255:25:
B0-03 precise constructor source failure EntropyFailed required; scaffold observation=Err(NotQualified)
note: run with `RUST_BACKTRACE=1` environment variable to display a backtrace

---- raft_rs::b0_03 stdout ----

thread 'raft_rs::b0_03' (167703313) panicked at spec/src/b0/sources.rs:255:25:
B0-03 precise constructor source failure EntropyFailed required; scaffold observation=Err(NotQualified)

---- raft_rs::b0_02 stdout ----

thread 'raft_rs::b0_02' (167703312) panicked at spec/src/b0/sources.rs:136:13:
B0-02 constructor supplied-stream assertion: constructor/reset must use the supplied stream; provider=Err(NotQualified)

---- openraft::b0_06 stdout ----

thread 'openraft::b0_06' (167703306) panicked at spec/src/b0.rs:43:21:
B0-06 minority cannot establish quorum: required actual engine observation refused: NotQualified

---- openraft::b0_08 stdout ----

thread 'openraft::b0_08' (167703308) panicked at spec/src/b0.rs:43:21:
B0-08 first automatic leader: required actual engine observation refused: NotQualified

---- openraft::b0_01 stdout ----

thread 'openraft::b0_01' (167703301) panicked at spec/src/b0.rs:43:21:
B0-01 elected-leader invariant: required actual engine observation refused: NotQualified

---- openraft::b0_09 stdout ----

thread 'openraft::b0_09' (167703309) panicked at spec/src/b0.rs:43:21:
B0-09 independent initial state: required actual engine observation refused: NotQualified

---- openraft::b0_02 stdout ----

thread 'openraft::b0_02' (167703302) panicked at spec/src/b0/sources.rs:136:13:
B0-02 constructor supplied-stream assertion: constructor/reset must use the supplied stream; provider=Err(NotQualified)

---- openraft::b0_10 stdout ----

thread 'openraft::b0_10' (167703310) panicked at spec/src/b0/lifecycle.rs:84:5:
assertion `left == right` failed: B0-10 valid time before invalid controls
  left: Err(NotQualified)
 right: Ok(())

---- openraft::b0_04 stdout ----

thread 'openraft::b0_04' (167703304) panicked at spec/src/b0/elections.rs:71:9:
B0-04 recorded engine eligibility boundary required: NotQualified

---- raft_rs::b0_01 stdout ----

thread 'raft_rs::b0_01' (167703311) panicked at spec/src/b0.rs:43:21:
B0-01 elected-leader invariant: required actual engine observation refused: NotQualified

---- openraft::b0_05 stdout ----

thread 'openraft::b0_05' (167703305) panicked at spec/src/b0.rs:43:21:
B0-05 no-quorum prefix observation: required actual engine observation refused: NotQualified

---- openraft::b0_07 stdout ----

thread 'openraft::b0_07' (167703307) panicked at spec/src/b0.rs:43:21:
B0-07 initial actual election: required actual engine observation refused: NotQualified

---- raft_rs::b0_05 stdout ----

thread 'raft_rs::b0_05' (167703315) panicked at spec/src/b0.rs:43:21:
B0-05 no-quorum prefix observation: required actual engine observation refused: NotQualified

---- raft_rs::b0_04 stdout ----

thread 'raft_rs::b0_04' (167703314) panicked at spec/src/b0/elections.rs:71:9:
B0-04 recorded engine eligibility boundary required: NotQualified

---- raft_rs::b0_08 stdout ----

thread 'raft_rs::b0_08' (167703318) panicked at spec/src/b0.rs:43:21:
B0-08 first automatic leader: required actual engine observation refused: NotQualified

---- raft_rs::b0_09 stdout ----

thread 'raft_rs::b0_09' (167703319) panicked at spec/src/b0.rs:43:21:
B0-09 independent initial state: required actual engine observation refused: NotQualified

---- raft_rs::b0_06 stdout ----

thread 'raft_rs::b0_06' (167703316) panicked at spec/src/b0.rs:43:21:
B0-06 minority cannot establish quorum: required actual engine observation refused: NotQualified

---- raft_rs::b0_10 stdout ----

thread 'raft_rs::b0_10' (167703320) panicked at spec/src/b0/lifecycle.rs:84:5:
assertion `left == right` failed: B0-10 valid time before invalid controls
  left: Err(NotQualified)
 right: Ok(())

---- raft_rs::b0_07 stdout ----

thread 'raft_rs::b0_07' (167703317) panicked at spec/src/b0.rs:43:21:
B0-07 initial actual election: required actual engine observation refused: NotQualified


failures:
    openraft::b0_01
    openraft::b0_02
    openraft::b0_03
    openraft::b0_04
    openraft::b0_05
    openraft::b0_06
    openraft::b0_07
    openraft::b0_08
    openraft::b0_09
    openraft::b0_10
    raft_rs::b0_01
    raft_rs::b0_02
    raft_rs::b0_03
    raft_rs::b0_04
    raft_rs::b0_05
    raft_rs::b0_06
    raft_rs::b0_07
    raft_rs::b0_08
    raft_rs::b0_09
    raft_rs::b0_10

test result: FAILED. 0 passed; 20 failed; 0 ignored; 0 measured; 0 filtered out; finished in 0.02s

   Compiling glade-carrier-spec v0.0.0 (/Volumes/projects/limbo/glade-wz-raft-production/proofs/raft-carrier-comparison/spec)
    Finished `test` profile [unoptimized + debuginfo] target(s) in 0.26s
     Running tests/b0_election.rs (proofs/raft-carrier-comparison/target/debug/deps/b0_election-9e7236b17a94f0c3)
error: test failed, to rerun pass `-p glade-carrier-spec --test b0_election`
