   Compiling glade-carrier-spec v0.0.0 (/Volumes/projects/limbo/glade-wz-raft-production/proofs/raft-carrier-comparison/spec)
warning: variable does not need to be mutable
   --> spec/src/b0/point/witness.rs:58:17
    |
 58 |             let mut select = |work: &mut crate::fixture::WorkProbe| {
    |                 ----^^^^^^
    |                 |
    |                 help: remove this `mut`
...
108 | chain_case!(current_inventory_reaches_ticker_core_and_new_send_future, false, false);
    | ------------------------------------------------------------------------------------ in this macro invocation
    |
    = note: `#[warn(unused_mut)]` (part of `#[warn(unused)]`) on by default
    = note: this warning originates in the macro `chain_case` (in Nightly builds, run with -Z macro-backtrace for more info)

error[E0502]: cannot borrow `source` as mutable because it is also borrowed as immutable
   --> spec/src/b0/point/witness.rs:80:17
    |
 58 |             let mut select = |work: &mut crate::fixture::WorkProbe| {
    |                              -------------------------------------- immutable borrow occurs here
...
 64 |                     assert_eq!(source.clock().nanos, current.get(), "fixed-instant drain cannot advance time");
    |                                ------ first borrow occurs due to use of `source` in closure
...
 80 |                 source.advance(instant).unwrap();
    |                 ^^^^^^^^^^^^^^^^^^^^^^^ mutable borrow occurs here
...
 85 |                 at = select(&mut work);
    |                      ------ immutable borrow later used here
...
108 | chain_case!(current_inventory_reaches_ticker_core_and_new_send_future, false, false);
    | ------------------------------------------------------------------------------------ in this macro invocation
    |
    = note: this error originates in the macro `chain_case` (in Nightly builds, run with -Z macro-backtrace for more info)

warning: variable does not need to be mutable
   --> spec/src/b0/point/witness.rs:58:17
    |
 58 |             let mut select = |work: &mut crate::fixture::WorkProbe| {
    |                 ----^^^^^^
    |                 |
    |                 help: remove this `mut`
...
109 | chain_case!(early_eligibility_mutant_is_rejected, true, false);
    | -------------------------------------------------------------- in this macro invocation
    |
    = note: this warning originates in the macro `chain_case` (in Nightly builds, run with -Z macro-backtrace for more info)

error[E0502]: cannot borrow `source` as mutable because it is also borrowed as immutable
   --> spec/src/b0/point/witness.rs:80:17
    |
 58 |             let mut select = |work: &mut crate::fixture::WorkProbe| {
    |                              -------------------------------------- immutable borrow occurs here
...
 64 |                     assert_eq!(source.clock().nanos, current.get(), "fixed-instant drain cannot advance time");
    |                                ------ first borrow occurs due to use of `source` in closure
...
 80 |                 source.advance(instant).unwrap();
    |                 ^^^^^^^^^^^^^^^^^^^^^^^ mutable borrow occurs here
...
 85 |                 at = select(&mut work);
    |                      ------ immutable borrow later used here
...
109 | chain_case!(early_eligibility_mutant_is_rejected, true, false);
    | -------------------------------------------------------------- in this macro invocation
    |
    = note: this error originates in the macro `chain_case` (in Nightly builds, run with -Z macro-backtrace for more info)

warning: variable does not need to be mutable
   --> spec/src/b0/point/witness.rs:58:17
    |
 58 |             let mut select = |work: &mut crate::fixture::WorkProbe| {
    |                 ----^^^^^^
    |                 |
    |                 help: remove this `mut`
...
110 | chain_case!(inline_send_poll_mutant_is_rejected, false, true);
    | ------------------------------------------------------------- in this macro invocation
    |
    = note: this warning originates in the macro `chain_case` (in Nightly builds, run with -Z macro-backtrace for more info)

error[E0502]: cannot borrow `source` as mutable because it is also borrowed as immutable
   --> spec/src/b0/point/witness.rs:80:17
    |
 58 |             let mut select = |work: &mut crate::fixture::WorkProbe| {
    |                              -------------------------------------- immutable borrow occurs here
...
 64 |                     assert_eq!(source.clock().nanos, current.get(), "fixed-instant drain cannot advance time");
    |                                ------ first borrow occurs due to use of `source` in closure
...
 80 |                 source.advance(instant).unwrap();
    |                 ^^^^^^^^^^^^^^^^^^^^^^^ mutable borrow occurs here
...
 85 |                 at = select(&mut work);
    |                      ------ immutable borrow later used here
...
110 | chain_case!(inline_send_poll_mutant_is_rejected, false, true);
    | ------------------------------------------------------------- in this macro invocation
    |
    = note: this error originates in the macro `chain_case` (in Nightly builds, run with -Z macro-backtrace for more info)

warning: unused variable: `before`
  --> spec/src/b0/elections.rs:28:9
   |
28 |     let before = cluster.nodes[0].inventory().unwrap();
   |         ^^^^^^ help: if this is intentional, prefix it with an underscore: `_before`
   |
   = note: `#[warn(unused_variables)]` (part of `#[warn(unused)]`) on by default

warning: unused variable: `at`
  --> spec/src/b0/elections.rs:48:9
   |
48 |     let at = cluster.nodes[0].inventory().unwrap();
   |         ^^ help: if this is intentional, prefix it with an underscore: `_at`

For more information about this error, try `rustc --explain E0502`.
warning: `glade-carrier-spec` (lib test) generated 5 warnings
error: could not compile `glade-carrier-spec` (lib test) due to 3 previous errors; 5 warnings emitted
